---
source: crates/dbt-jinja/minijinja/tests/test_templates.rs
description: "short-range: {{ range(10) }}\nrange-is-iterable: {{ range(10) is iterable }}\nrange-is-not-a-sequence: {{ range(10) is not sequence }}"
info:
  __minijinja_current_path: functions.txt
  __minijinja_current_span:
    end_col: 1
    end_line: 1
    end_offset: 0
    start_col: 1
    start_line: 1
    start_offset: 0
input_file: crates/dbt-jinja/minijinja/tests/inputs/functions.txt
---
short-range: (0, 1, 2, 3, 4, 5, 6, 7, 8, 9)
range-is-iterable: True
range-is-not-a-sequence: True
