---
source: crates/dbt-jinja/minijinja/tests/test_templates.rs
description: "{{ 1 in seq }}\n{{ \"missing\" in seq }}\n{{ 1 not in seq }}\n{{ \"missing\" not in seq }}"
info:
  __minijinja_current_path: inexpr.txt
  __minijinja_current_span:
    end_col: 1
    end_line: 1
    end_offset: 0
    start_col: 1
    start_line: 1
    start_offset: 0
  seq:
    - 1
    - 2
    - 3
input_file: crates/dbt-jinja/minijinja/tests/inputs/inexpr.txt
---
True
False
False
True
