---
source: crates/dbt-jinja/minijinja/tests/test_templates.rs
description: "name: {{ user.name }}\nactive: {{ user.is_active }}"
info:
  __minijinja_current_path: getattr.txt
  __minijinja_current_span:
    end_col: 1
    end_line: 1
    end_offset: 0
    start_col: 1
    start_line: 1
    start_offset: 0
  user:
    is_active: true
    name: Peter
input_file: crates/dbt-jinja/minijinja/tests/inputs/getattr.txt
---
name: Peter
active: True
